﻿
> DLDC_1@0.1.0 build
> vite build

[36mvite v6.3.5 [32mbuilding for production...[36m[39m
transforming...
[32mΓ£ô[39m 2520 modules transformed.
node.exe : [31mΓ£ù[39m Build failed in 3.35s
At line:1 char:1
+ & "C:\Program Files\nodejs/node.exe" "C:\Program Files\nodejs/node_mo ...
+ ~~~~~~~~~~~~~~~~~~~~~~~~~~~~~~~~~~~~~~~~~~~~~~~~~~~~~~~~~~~~~~~~~~~~~
    + CategoryInfo          : NotSpecified: ([31mΓ£ù[39m Build failed in 3.35s:String) [], Re 
   moteException
    + FullyQualifiedErrorId : NativeCommandError
 
[31merror during build:
[31msrc/components/layout/MainLayout.tsx (15:9): "CategorySetupPage" is not exported by 
"src/components/pages/category/CategorySetupPage.tsx", imported by 
"src/components/layout/MainLayout.tsx".[31m
file: [36mE:/tuphap/khodldc/dldc_1/src/components/layout/MainLayout.tsx:15:9[31m
[33m
13: import { CategoryManagementPage } from '../pages/CategoryManagementPage';
14: import { ScreenFlowDiagram } from '../pages/ScreenFlowDiagram';
15: import { CategorySetupPage } from '../pages/category/CategorySetupPage';
             ^
16: import { CategoryAPage } from '../pages/category/CategoryAPage';
17: import { CategoryBPage } from '../pages/category/CategoryBPage';
[31m
    at getRollupError 
(file:///E:/tuphap/khodldc/dldc_1/node_modules/rollup/dist/es/shared/parseAst.js:402:41)
    at error 
(file:///E:/tuphap/khodldc/dldc_1/node_modules/rollup/dist/es/shared/parseAst.js:398:42)
    at Module.error 
(file:///E:/tuphap/khodldc/dldc_1/node_modules/rollup/dist/es/shared/node-entry.js:17040:16)
    at Module.traceVariable 
(file:///E:/tuphap/khodldc/dldc_1/node_modules/rollup/dist/es/shared/node-entry.js:17452:29)
    at ModuleScope.findVariable 
(file:///E:/tuphap/khodldc/dldc_1/node_modules/rollup/dist/es/shared/node-entry.js:15070:39)
    at FunctionScope.findVariable 
(file:///E:/tuphap/khodldc/dldc_1/node_modules/rollup/dist/es/shared/node-entry.js:5673:38)
    at FunctionBodyScope.findVariable 
(file:///E:/tuphap/khodldc/dldc_1/node_modules/rollup/dist/es/shared/node-entry.js:5673:38)
    at Identifier.bind 
(file:///E:/tuphap/khodldc/dldc_1/node_modules/rollup/dist/es/shared/node-entry.js:5447:40)
    at CallExpression.bind 
(file:///E:/tuphap/khodldc/dldc_1/node_modules/rollup/dist/es/shared/node-entry.js:2825:28)
    at CallExpression.bind (file:///E:/tuphap/khodldc/dldc_1/node_modules/rollup/dist/es/shared/
node-entry.js:12179:15)[39m
